// Jest Snapshot v1, https://goo.gl/fbAQLP

exports[`convertTokensObjectToResolved converts object-like unresolved tokens to resolved object 1`] = `
Object {
  "colors": Object {
    "blue": Object {
      "type": "color",
      "value": "#0000ff",
    },
    "primary": Object {
      "type": "color",
      "value": "#ff0000",
    },
    "red": Object {
      "type": "color",
      "value": "#ff0000",
    },
  },
  "sizing": Object {
    "base": Object {
      "type": "sizing",
      "value": 2,
    },
    "medium": Object {
      "type": "sizing",
      "value": 3,
    },
    "scale": Object {
      "type": "sizing",
      "value": 1.5,
    },
    "small": Object {
      "type": "sizing",
      "value": 2,
    },
  },
}
`;

exports[`convertTokensObjectToResolved does not expand typography when not needed 1`] = `
Object {
  "typography": Object {
    "h1": Object {
      "type": "typography",
      "value": Object {
        "fontFamily": "Roboto",
        "fontSize": 96,
        "fontWeight": "Light",
      },
    },
    "h2": Object {
      "type": "typography",
      "value": Object {
        "fontFamily": "Roboto",
        "fontSize": 60,
        "fontWeight": "Light",
      },
    },
    "h3": Object {
      "type": "typography",
      "value": Object {
        "fontFamily": "Roboto",
        "fontSize": 48,
        "fontWeight": "Light",
      },
    },
  },
}
`;

exports[`convertTokensObjectToResolved respects used sets 1`] = `
Object {
  "colors": Object {
    "background": Object {
      "type": "color",
      "value": "#ffffff",
    },
    "black": Object {
      "type": "color",
      "value": "#000000",
    },
    "white": Object {
      "type": "color",
      "value": "#ffffff",
    },
  },
}
`;
